[FW]
*FW*

[IB-SW]
*IB-Spine*
*IB-Leaf*
*IB-*-Leaf*
IB-Spine*
IB-Leaf*
IB-*-Leaf*
*IBL*
*IBS*

[NVL-SW]
*NVSW*

[Eth-SW]
*Border*
*TAN-*Spine*
*TAN-*Leaf*
*TAN-*1GLeaf*
*OOB-*Core*
*OOB-*Spine*
*OOB-*Leaf*
*OOB-*TOR*
*OOBofOOB-Leaf*
*OOBofOOB-Spine*

[GB300-GPU]
*GPU*
*CT*
*-GB300-*

[SMC-B300]
*HGX*
*gpusrv*

[[ARM-CPU]]
[Gigabyte]

[Gigabyte]
*ARM*
*BCM*
*Login*
*K8S-User*

[[x86-CPU]]
[weka]
[powerscale]
[dell-bf]
[dell-cx7]
[dell-ome]
[ufm]

[dell-cx7]
*netq*
*nms*
*nmc*
*k8s-admin*

[dell-bf]
*rafay*
*netris*
*x86*
*mgmt*
*ibm*

[weka]
*weka*

[powerscale]
*powerscale*

[dell-ome]
*ome*

[ufm]
*ufm*
