[FW]
mgmt,eth0
eth0,eth0
1to1#,swp#

[IB-SW]
eth0,eth0
eth1,eth1
1to2#/1,sw#p1
1to2#/2,sw#p2


[NVL-SW]
eth0,eth0
eth1,eth1
1to2#/1,sw#p1
1to2#/2,sw#p2


[Eth-SW]
eth0,eth0
eth1,eth1
bmc,eth0
mgmt,eth0
1to1#,swp#
1to2#/1,swp#s0
1to2#/2,swp#s1
1to4#/1/1,swp#s0
1to4#/1/2,swp#s1
1to4#/2/1,swp#s2
1to4#/2/2,swp#s3
1to8#/1/1,swp#s0
1to8#/1/2,swp#s1
1to8#/1/3,swp#s2
1to8#/1/4,swp#s3
1to8#/2/1,swp#s4
1to8#/2/2,swp#s5
1to8#/2/3,swp#s6
1to8#/2/4,swp#s7


[GB300-GPU]
BF-P1,enP22s22f0np0
BF-P2,enP22s22f1np1
G1,ibp3s0
G2,ibP2p3s0
G3,ibP16p3s0
G4,ibP18p3s0

[SMC-B300]
1,ibp61s0
2,ibp95s0
3,ibp23s0
4,ibp112s0
5,ibp220s0
6,ibp186s0
7,ibp237s0
8,ibp151s0

[Gigabyte]
BF-P1,enP22s22f0np0
BF-P2,enP22s22f1np1


[weka]
P1,enp97s0np0
P2,enp13s0np0
P3,enp181s0f0np0
P4,enp181s0f1np1
eth1,eno8303
eth2,eno8403

[powerscale]
P1,enp181s0f0np0
P2,enp181s0f1np1
eth1,eno8303
eth2,eno8403


[dell-bf]
BF-P1,enp181s0f0np0
BF-P2,enp181s0f1np1
eth1,eno12399
eth2,eno12409
eth3,eno12419
eth4,eno12429

[dell-cx7]
P1,enp97s0np0
P2,enp13s0np0
P5,enp160s0np0
P7,enp181s0np0
eth1,eno8303
eth2,eno8403

[dell-ome]
BF-P1,enp181s0f0np0
BF-P2,enp181s0f1np1
eth1,eno8303
eth2,eno8403

[ufm]
eth1,eno8303
eth2,eno8403
eth3,eno12399
eth4,eno12409
